// Jest Snapshot v1, https://goo.gl/fbAQLP

exports[`<Participants /> matches previous snapshot 1`] = `<div />`;
